// Jest Snapshot v1, https://goo.gl/fbAQLP

exports[`/rpc/logout success 200 with refresh_token 1`] = `
Object {
  "body": "{\\"ok\\" : true}",
  "status": 200,
  "statusText": "OK",
}
`;

exports[`/rpc/logout success 200 without refresh_token 1`] = `
Object {
  "body": "{\\"ok\\" : true}",
  "status": 200,
  "statusText": "OK",
}
`;
